%!Adobe-FontList 1.24
%Locale:0x409

%BeginFont
Handler:DirectoryHandler
FontType:Invalid
OutlineFileName:/Users/alexribeiro/Desktop/ MSD-012-23 KV 01 AllFlex Corte/Document fonts/AdobeFnt24.lst
FileLength:1391
FileModTime:731616864
%EndFont

%BeginFont
Handler:DirectoryHandler
FontType:TrueType
FontName:Arboria-Black
FamilyName:Arboria-Black
StyleName:☞
MenuName:Arboria-Black
StyleBits:2
WeightClass:400
WidthClass:5
AngleClass:0
FullName:☞Arboria-Black
WritingScript:Roman
OutlineFileName:/Users/alexribeiro/Desktop/ MSD-012-23 KV 01 AllFlex Corte/Document fonts/Arboria-Black.ttf
DataFormat:sfntData
hasSVG:no
hasSBIX:no
hasCOLR:no
VariableFontType:NonVariableFont
FileLength:96252
FileModTime:445281888
NameArray:0,Mac,4,Arboria-Black
NameArray:0,Win,1,Arboria-Black
%EndFont

%BeginFont
Handler:DirectoryHandler
FontType:Type1
FontName:Arboria-Book
FamilyName:Arboria-Book
StyleName:☞
MenuName:Arboria-Book
StyleBits:0
WeightClass:400
WidthClass:5
AngleClass:0
FullName:Arboria-Book
WritingScript:Roman
OutlineFileName:/Users/alexribeiro/Desktop/ MSD-012-23 KV 01 AllFlex Corte/Document fonts/Arboria-Book 2.otf
DataFormat:sfntData
UsesStandardEncoding:yes
isCFF:yes
hasSVG:no
hasSBIX:no
hasCOLR:no
VariableFontType:NonVariableFont
FileLength:119388
FileModTime:731614957
NameArray:0,Mac,4,Arboria-Book
NameArray:0,Win,1,Arboria-Book
%EndFont

